Archive member included to satisfy reference by file (symbol)

d:/phan_mem/stm32cubeide_1.6.1/stm32cubeide/plugins/com.st.stm32cube.ide.mcu.externaltools.gnu-tools-for-stm32.9-2020-q2-update.win32_1.5.0.202011040924/tools/bin/../lib/gcc/arm-none-eabi/9.3.1/../../../../arm-none-eabi/lib/thumb/v7-m/nofp\libc_nano.a(lib_a-errno.o)
                              Core/Src/syscalls.o (__errno)
d:/phan_mem/stm32cubeide_1.6.1/stm32cubeide/plugins/com.st.stm32cube.ide.mcu.externaltools.gnu-tools-for-stm32.9-2020-q2-update.win32_1.5.0.202011040924/tools/bin/../lib/gcc/arm-none-eabi/9.3.1/../../../../arm-none-eabi/lib/thumb/v7-m/nofp\libc_nano.a(lib_a-exit.o)
                              d:/phan_mem/stm32cubeide_1.6.1/stm32cubeide/plugins/com.st.stm32cube.ide.mcu.externaltools.gnu-tools-for-stm32.9-2020-q2-update.win32_1.5.0.202011040924/tools/bin/../lib/gcc/arm-none-eabi/9.3.1/../../../../arm-none-eabi/lib/thumb/v7-m/nofp/crt0.o (exit)
d:/phan_mem/stm32cubeide_1.6.1/stm32cubeide/plugins/com.st.stm32cube.ide.mcu.externaltools.gnu-tools-for-stm32.9-2020-q2-update.win32_1.5.0.202011040924/tools/bin/../lib/gcc/arm-none-eabi/9.3.1/../../../../arm-none-eabi/lib/thumb/v7-m/nofp\libc_nano.a(lib_a-impure.o)
                              d:/phan_mem/stm32cubeide_1.6.1/stm32cubeide/plugins/com.st.stm32cube.ide.mcu.externaltools.gnu-tools-for-stm32.9-2020-q2-update.win32_1.5.0.202011040924/tools/bin/../lib/gcc/arm-none-eabi/9.3.1/../../../../arm-none-eabi/lib/thumb/v7-m/nofp\libc_nano.a(lib_a-exit.o) (_global_impure_ptr)
d:/phan_mem/stm32cubeide_1.6.1/stm32cubeide/plugins/com.st.stm32cube.ide.mcu.externaltools.gnu-tools-for-stm32.9-2020-q2-update.win32_1.5.0.202011040924/tools/bin/../lib/gcc/arm-none-eabi/9.3.1/../../../../arm-none-eabi/lib/thumb/v7-m/nofp\libc_nano.a(lib_a-init.o)
                              d:/phan_mem/stm32cubeide_1.6.1/stm32cubeide/plugins/com.st.stm32cube.ide.mcu.externaltools.gnu-tools-for-stm32.9-2020-q2-update.win32_1.5.0.202011040924/tools/bin/../lib/gcc/arm-none-eabi/9.3.1/../../../../arm-none-eabi/lib/thumb/v7-m/nofp/crt0.o (__libc_init_array)
d:/phan_mem/stm32cubeide_1.6.1/stm32cubeide/plugins/com.st.stm32cube.ide.mcu.externaltools.gnu-tools-for-stm32.9-2020-q2-update.win32_1.5.0.202011040924/tools/bin/../lib/gcc/arm-none-eabi/9.3.1/../../../../arm-none-eabi/lib/thumb/v7-m/nofp\libc_nano.a(lib_a-memset.o)
                              d:/phan_mem/stm32cubeide_1.6.1/stm32cubeide/plugins/com.st.stm32cube.ide.mcu.externaltools.gnu-tools-for-stm32.9-2020-q2-update.win32_1.5.0.202011040924/tools/bin/../lib/gcc/arm-none-eabi/9.3.1/../../../../arm-none-eabi/lib/thumb/v7-m/nofp/crt0.o (memset)

Allocating common symbols
Common symbol       size              file

hspi2               0x58              Core/Src/main.o
huart3              0x44              Core/Src/main.o
uwTick              0x4               Drivers/STM32F1xx_HAL_Driver/Src/stm32f1xx_hal.o
pFlash              0x20              Drivers/STM32F1xx_HAL_Driver/Src/stm32f1xx_hal_flash.o
hspi3               0x58              Core/Src/main.o
hspi1               0x58              Core/Src/main.o

Discarded input sections

 .text          0x0000000000000000        0x0 d:/phan_mem/stm32cubeide_1.6.1/stm32cubeide/plugins/com.st.stm32cube.ide.mcu.externaltools.gnu-tools-for-stm32.9-2020-q2-update.win32_1.5.0.202011040924/tools/bin/../lib/gcc/arm-none-eabi/9.3.1/thumb/v7-m/nofp/crti.o
 .data          0x0000000000000000        0x0 d:/phan_mem/stm32cubeide_1.6.1/stm32cubeide/plugins/com.st.stm32cube.ide.mcu.externaltools.gnu-tools-for-stm32.9-2020-q2-update.win32_1.5.0.202011040924/tools/bin/../lib/gcc/arm-none-eabi/9.3.1/thumb/v7-m/nofp/crti.o
 .bss           0x0000000000000000        0x0 d:/phan_mem/stm32cubeide_1.6.1/stm32cubeide/plugins/com.st.stm32cube.ide.mcu.externaltools.gnu-tools-for-stm32.9-2020-q2-update.win32_1.5.0.202011040924/tools/bin/../lib/gcc/arm-none-eabi/9.3.1/thumb/v7-m/nofp/crti.o
 .data          0x0000000000000000        0x4 d:/phan_mem/stm32cubeide_1.6.1/stm32cubeide/plugins/com.st.stm32cube.ide.mcu.externaltools.gnu-tools-for-stm32.9-2020-q2-update.win32_1.5.0.202011040924/tools/bin/../lib/gcc/arm-none-eabi/9.3.1/thumb/v7-m/nofp/crtbegin.o
 .text          0x0000000000000000       0x7c d:/phan_mem/stm32cubeide_1.6.1/stm32cubeide/plugins/com.st.stm32cube.ide.mcu.externaltools.gnu-tools-for-stm32.9-2020-q2-update.win32_1.5.0.202011040924/tools/bin/../lib/gcc/arm-none-eabi/9.3.1/../../../../arm-none-eabi/lib/thumb/v7-m/nofp/crt0.o
 .data          0x0000000000000000        0x0 d:/phan_mem/stm32cubeide_1.6.1/stm32cubeide/plugins/com.st.stm32cube.ide.mcu.externaltools.gnu-tools-for-stm32.9-2020-q2-update.win32_1.5.0.202011040924/tools/bin/../lib/gcc/arm-none-eabi/9.3.1/../../../../arm-none-eabi/lib/thumb/v7-m/nofp/crt0.o
[...]
Memory Configuration

Name             Origin             Length             Attributes
RAM              0x0000000020000000 0x000000000000c000 xrw
FLASH            0x0000000008000000 0x0000000000040000 xr
*default*        0x0000000000000000 0xffffffffffffffff

Linker script and memory map

LOAD d:/phan_mem/stm32cubeide_1.6.1/stm32cubeide/plugins/com.st.stm32cube.ide.mcu.externaltools.gnu-tools-for-stm32.9-2020-q2-update.win32_1.5.0.202011040924/tools/bin/../lib/gcc/arm-none-eabi/9.3.1/thumb/v7-m/nofp/crti.o
LOAD d:/phan_mem/stm32cubeide_1.6.1/stm32cubeide/plugins/com.st.stm32cube.ide.mcu.externaltools.gnu-tools-for-stm32.9-2020-q2-update.win32_1.5.0.202011040924/tools/bin/../lib/gcc/arm-none-eabi/9.3.1/thumb/v7-m/nofp/crtbegin.o
LOAD d:/phan_mem/stm32cubeide_1.6.1/stm32cubeide/plugins/com.st.stm32cube.ide.mcu.externaltools.gnu-tools-for-stm32.9-2020-q2-update.win32_1.5.0.202011040924/tools/bin/../lib/gcc/arm-none-eabi/9.3.1/../../../../arm-none-eabi/lib/thumb/v7-m/nofp/crt0.o
LOAD Core/Src/main.o
LOAD Core/Src/stm32f1xx_hal_msp.o
LOAD Core/Src/stm32f1xx_it.o
LOAD Core/Src/syscalls.o
LOAD Core/Src/sysmem.o
LOAD Core/Src/system_stm32f1xx.o
LOAD Core/Startup/startup_stm32f103rctx.o
LOAD Drivers/STM32F1xx_HAL_Driver/Src/stm32f1xx_hal.o
LOAD Drivers/STM32F1xx_HAL_Driver/Src/stm32f1xx_hal_cortex.o
LOAD Drivers/STM32F1xx_HAL_Driver/Src/stm32f1xx_hal_dma.o
LOAD Drivers/STM32F1xx_HAL_Driver/Src/stm32f1xx_hal_exti.o
LOAD Drivers/STM32F1xx_HAL_Driver/Src/stm32f1xx_hal_flash.o
LOAD Drivers/STM32F1xx_HAL_Driver/Src/stm32f1xx_hal_flash_ex.o
LOAD Drivers/STM32F1xx_HAL_Driver/Src/stm32f1xx_hal_gpio.o
LOAD Drivers/STM32F1xx_HAL_Driver/Src/stm32f1xx_hal_gpio_ex.o
LOAD Drivers/STM32F1xx_HAL_Driver/Src/stm32f1xx_hal_pwr.o
LOAD Drivers/STM32F1xx_HAL_Driver/Src/stm32f1xx_hal_rcc.o
LOAD Drivers/STM32F1xx_HAL_Driver/Src/stm32f1xx_hal_rcc_ex.o
LOAD Drivers/STM32F1xx_HAL_Driver/Src/stm32f1xx_hal_spi.o
LOAD Drivers/STM32F1xx_HAL_Driver/Src/stm32f1xx_hal_tim.o
LOAD Drivers/STM32F1xx_HAL_Driver/Src/stm32f1xx_hal_tim_ex.o
LOAD Drivers/STM32F1xx_HAL_Driver/Src/stm32f1xx_hal_uart.o
START GROUP
LOAD d:/phan_mem/stm32cubeide_1.6.1/stm32cubeide/plugins/com.st.stm32cube.ide.mcu.externaltools.gnu-tools-for-stm32.9-2020-q2-update.win32_1.5.0.202011040924/tools/bin/../lib/gcc/arm-none-eabi/9.3.1/../../../../arm-none-eabi/lib/thumb/v7-m/nofp\libc_nano.a
LOAD d:/phan_mem/stm32cubeide_1.6.1/stm32cubeide/plugins/com.st.stm32cube.ide.mcu.externaltools.gnu-tools-for-stm32.9-2020-q2-update.win32_1.5.0.202011040924/tools/bin/../lib/gcc/arm-none-eabi/9.3.1/../../../../arm-none-eabi/lib/thumb/v7-m/nofp\libm.a
END GROUP
START GROUP
LOAD d:/phan_mem/stm32cubeide_1.6.1/stm32cubeide/plugins/com.st.stm32cube.ide.mcu.externaltools.gnu-tools-for-stm32.9-2020-q2-update.win32_1.5.0.202011040924/tools/bin/../lib/gcc/arm-none-eabi/9.3.1/thumb/v7-m/nofp\libgcc.a
LOAD d:/phan_mem/stm32cubeide_1.6.1/stm32cubeide/plugins/com.st.stm32cube.ide.mcu.externaltools.gnu-tools-for-stm32.9-2020-q2-update.win32_1.5.0.202011040924/tools/bin/../lib/gcc/arm-none-eabi/9.3.1/../../../../arm-none-eabi/lib/thumb/v7-m/nofp\libc_nano.a
END GROUP
START GROUP
LOAD d:/phan_mem/stm32cubeide_1.6.1/stm32cubeide/plugins/com.st.stm32cube.ide.mcu.externaltools.gnu-tools-for-stm32.9-2020-q2-update.win32_1.5.0.202011040924/tools/bin/../lib/gcc/arm-none-eabi/9.3.1/thumb/v7-m/nofp\libgcc.a
LOAD d:/phan_mem/stm32cubeide_1.6.1/stm32cubeide/plugins/com.st.stm32cube.ide.mcu.externaltools.gnu-tools-for-stm32.9-2020-q2-update.win32_1.5.0.202011040924/tools/bin/../lib/gcc/arm-none-eabi/9.3.1/../../../../arm-none-eabi/lib/thumb/v7-m/nofp\libc_nano.a
LOAD d:/phan_mem/stm32cubeide_1.6.1/stm32cubeide/plugins/com.st.stm32cube.ide.mcu.externaltools.gnu-tools-for-stm32.9-2020-q2-update.win32_1.5.0.202011040924/tools/bin/../lib/gcc/arm-none-eabi/9.3.1/../../../../arm-none-eabi/lib/thumb/v7-m/nofp\libnosys.a
END GROUP
START GROUP
LOAD d:/phan_mem/stm32cubeide_1.6.1/stm32cubeide/plugins/com.st.stm32cube.ide.mcu.externaltools.gnu-tools-for-stm32.9-2020-q2-update.win32_1.5.0.202011040924/tools/bin/../lib/gcc/arm-none-eabi/9.3.1/thumb/v7-m/nofp\libgcc.a
LOAD d:/phan_mem/stm32cubeide_1.6.1/stm32cubeide/plugins/com.st.stm32cube.ide.mcu.externaltools.gnu-tools-for-stm32.9-2020-q2-update.win32_1.5.0.202011040924/tools/bin/../lib/gcc/arm-none-eabi/9.3.1/../../../../arm-none-eabi/lib/thumb/v7-m/nofp\libc_nano.a
LOAD d:/phan_mem/stm32cubeide_1.6.1/stm32cubeide/plugins/com.st.stm32cube.ide.mcu.externaltools.gnu-tools-for-stm32.9-2020-q2-update.win32_1.5.0.202011040924/tools/bin/../lib/gcc/arm-none-eabi/9.3.1/../../../../arm-none-eabi/lib/thumb/v7-m/nofp\libnosys.a
END GROUP
LOAD d:/phan_mem/stm32cubeide_1.6.1/stm32cubeide/plugins/com.st.stm32cube.ide.mcu.externaltools.gnu-tools-for-stm32.9-2020-q2-update.win32_1.5.0.202011040924/tools/bin/../lib/gcc/arm-none-eabi/9.3.1/thumb/v7-m/nofp/crtend.o
LOAD d:/phan_mem/stm32cubeide_1.6.1/stm32cubeide/plugins/com.st.stm32cube.ide.mcu.externaltools.gnu-tools-for-stm32.9-2020-q2-update.win32_1.5.0.202011040924/tools/bin/../lib/gcc/arm-none-eabi/9.3.1/thumb/v7-m/nofp/crtn.o
                0x000000002000c000                _estack = (ORIGIN (RAM) + LENGTH (RAM))
                0x0000000000000200                _Min_Heap_Size = 0x200
                0x0000000000000400                _Min_Stack_Size = 0x400

.isr_vector     0x0000000008000000      0x1e4
                0x0000000008000000                . = ALIGN (0x4)
 *(.isr_vector)
 .isr_vector    0x0000000008000000      0x1e4 Core/Startup/startup_stm32f103rctx.o
                0x0000000008000000                g_pfnVectors
                0x00000000080001e4                . = ALIGN (0x4)

.text           0x00000000080001e4     0x16f8
                0x00000000080001e4                . = ALIGN (0x4)
 *(.text)
 .text          0x00000000080001e4       0x40 d:/phan_mem/stm32cubeide_1.6.1/stm32cubeide/plugins/com.st.stm32cube.ide.mcu.externaltools.gnu-tools-for-stm32.9-2020-q2-update.win32_1.5.0.202011040924/tools/bin/../lib/gcc/arm-none-eabi/9.3.1/thumb/v7-m/nofp/crtbegin.o
 *(.text*)
 .text.main     0x0000000008000224       0x22 Core/Src/main.o
                0x0000000008000224                main
 .text.SystemClock_Config
                0x0000000008000246       0x76 Core/Src/main.o
                0x0000000008000246                SystemClock_Config
 .text.MX_SPI1_Init
                0x00000000080002bc       0x6c Core/Src/main.o
 .text.MX_SPI2_Init
                0x0000000008000328       0x6c Core/Src/main.o
 .text.MX_SPI3_Init
                0x0000000008000394       0x6c Core/Src/main.o
 .text.MX_USART3_UART_Init
                0x0000000008000400       0x54 Core/Src/main.o
 .text.MX_GPIO_Init
                0x0000000008000454       0x44 Core/Src/main.o
 .text.Error_Handler
                0x0000000008000498        0xa Core/Src/main.o
                0x0000000008000498                Error_Handler
 *fill*         0x00000000080004a2        0x2 
 .text.HAL_MspInit
                0x00000000080004a4       0x64 Core/Src/stm32f1xx_hal_msp.o
                0x00000000080004a4                HAL_MspInit
 .text.HAL_SPI_MspInit
                0x0000000008000508      0x17c Core/Src/stm32f1xx_hal_msp.o
                0x0000000008000508                HAL_SPI_MspInit
 .text.HAL_UART_MspInit
                0x0000000008000684       0x98 Core/Src/stm32f1xx_hal_msp.o
                0x0000000008000684                HAL_UART_MspInit
 .text.NMI_Handler
                0x000000000800071c        0x6 Core/Src/stm32f1xx_it.o
                0x000000000800071c                NMI_Handler
 .text.HardFault_Handler
                0x0000000008000722        0x6 Core/Src/stm32f1xx_it.o
                0x0000000008000722                HardFault_Handler
 .text.MemManage_Handler
                0x0000000008000728        0x6 Core/Src/stm32f1xx_it.o
                0x0000000008000728                MemManage_Handler
 .text.BusFault_Handler
                0x000000000800072e        0x6 Core/Src/stm32f1xx_it.o
                0x000000000800072e                BusFault_Handler
 .text.UsageFault_Handler
                0x0000000008000734        0x6 Core/Src/stm32f1xx_it.o
                0x0000000008000734                UsageFault_Handler
 .text.SVC_Handler
                0x000000000800073a        0xc Core/Src/stm32f1xx_it.o
                0x000000000800073a                SVC_Handler
 .text.DebugMon_Handler
                0x0000000008000746        0xc Core/Src/stm32f1xx_it.o
                0x0000000008000746                DebugMon_Handler
 .text.PendSV_Handler
                0x0000000008000752        0xc Core/Src/stm32f1xx_it.o
                0x0000000008000752                PendSV_Handler
 .text.SysTick_Handler
                0x000000000800075e        0xc Core/Src/stm32f1xx_it.o
                0x000000000800075e                SysTick_Handler
 .text.SystemInit
                0x000000000800076a        0xc Core/Src/system_stm32f1xx.o
                0x000000000800076a                SystemInit
 *fill*         0x0000000008000776        0x2 
 .text.Reset_Handler
                0x0000000008000778       0x48 Core/Startup/startup_stm32f103rctx.o
                0x0000000008000778                Reset_Handler
 .text.Default_Handler
                0x00000000080007c0        0x2 Core/Startup/startup_stm32f103rctx.o
                0x00000000080007c0                RTC_Alarm_IRQHandler
                0x00000000080007c0                EXTI2_IRQHandler
                0x00000000080007c0                TIM8_TRG_COM_IRQHandler
                0x00000000080007c0                TIM8_CC_IRQHandler
                0x00000000080007c0                TIM1_CC_IRQHandler
                0x00000000080007c0                TIM6_IRQHandler
                0x00000000080007c0                PVD_IRQHandler
                0x00000000080007c0                SDIO_IRQHandler
                0x00000000080007c0                EXTI3_IRQHandler
                0x00000000080007c0                EXTI0_IRQHandler
                0x00000000080007c0                I2C2_EV_IRQHandler
                0x00000000080007c0                ADC1_2_IRQHandler
                0x00000000080007c0                SPI1_IRQHandler
                0x00000000080007c0                TAMPER_IRQHandler
                0x00000000080007c0                TIM8_UP_IRQHandler
                0x00000000080007c0                DMA2_Channel2_IRQHandler
                0x00000000080007c0                DMA1_Channel4_IRQHandler
                0x00000000080007c0                USART3_IRQHandler
                0x00000000080007c0                RTC_IRQHandler
                0x00000000080007c0                DMA1_Channel7_IRQHandler
                0x00000000080007c0                CAN1_RX1_IRQHandler
                0x00000000080007c0                UART5_IRQHandler
                0x00000000080007c0                ADC3_IRQHandler
                0x00000000080007c0                TIM4_IRQHandler
                0x00000000080007c0                DMA2_Channel1_IRQHandler
                0x00000000080007c0                I2C1_EV_IRQHandler
                0x00000000080007c0                DMA1_Channel6_IRQHandler
                0x00000000080007c0                UART4_IRQHandler
                0x00000000080007c0                TIM3_IRQHandler
                0x00000000080007c0                RCC_IRQHandler
                0x00000000080007c0                TIM1_TRG_COM_IRQHandler
                0x00000000080007c0                DMA1_Channel1_IRQHandler
                0x00000000080007c0                Default_Handler
                0x00000000080007c0                EXTI15_10_IRQHandler
                0x00000000080007c0                TIM7_IRQHandler
                0x00000000080007c0                TIM5_IRQHandler
                0x00000000080007c0                EXTI9_5_IRQHandler
                0x00000000080007c0                SPI2_IRQHandler
                0x00000000080007c0                DMA1_Channel5_IRQHandler
                0x00000000080007c0                EXTI4_IRQHandler
                0x00000000080007c0                USB_LP_CAN1_RX0_IRQHandler
                0x00000000080007c0                USB_HP_CAN1_TX_IRQHandler
                0x00000000080007c0                DMA1_Channel3_IRQHandler
                0x00000000080007c0                FSMC_IRQHandler
                0x00000000080007c0                TIM1_UP_IRQHandler
                0x00000000080007c0                WWDG_IRQHandler
                0x00000000080007c0                TIM2_IRQHandler
                0x00000000080007c0                TIM1_BRK_IRQHandler
                0x00000000080007c0                EXTI1_IRQHandler
                0x00000000080007c0                DMA2_Channel4_5_IRQHandler
                0x00000000080007c0                USART2_IRQHandler
                0x00000000080007c0                I2C2_ER_IRQHandler
                0x00000000080007c0                DMA1_Channel2_IRQHandler
                0x00000000080007c0                TIM8_BRK_IRQHandler
                0x00000000080007c0                CAN1_SCE_IRQHandler
                0x00000000080007c0                FLASH_IRQHandler
                0x00000000080007c0                USART1_IRQHandler
                0x00000000080007c0                SPI3_IRQHandler
                0x00000000080007c0                I2C1_ER_IRQHandler
                0x00000000080007c0                USBWakeUp_IRQHandler
                0x00000000080007c0                DMA2_Channel3_IRQHandler
 *fill*         0x00000000080007c2        0x2 
 .text.HAL_Init
                0x00000000080007c4       0x2c Drivers/STM32F1xx_HAL_Driver/Src/stm32f1xx_hal.o
                0x00000000080007c4                HAL_Init
 .text.HAL_InitTick
                0x00000000080007f0       0x60 Drivers/STM32F1xx_HAL_Driver/Src/stm32f1xx_hal.o
                0x00000000080007f0                HAL_InitTick
 .text.HAL_IncTick
                0x0000000008000850       0x24 Drivers/STM32F1xx_HAL_Driver/Src/stm32f1xx_hal.o
                0x0000000008000850                HAL_IncTick
 .text.HAL_GetTick
                0x0000000008000874       0x14 Drivers/STM32F1xx_HAL_Driver/Src/stm32f1xx_hal.o
                0x0000000008000874                HAL_GetTick
 .text.__NVIC_SetPriorityGrouping
                0x0000000008000888       0x48 Drivers/STM32F1xx_HAL_Driver/Src/stm32f1xx_hal_cortex.o
 .text.__NVIC_GetPriorityGrouping
                0x00000000080008d0       0x1c Drivers/STM32F1xx_HAL_Driver/Src/stm32f1xx_hal_cortex.o
 .text.__NVIC_SetPriority
                0x00000000080008ec       0x54 Drivers/STM32F1xx_HAL_Driver/Src/stm32f1xx_hal_cortex.o
 .text.NVIC_EncodePriority
                0x0000000008000940       0x64 Drivers/STM32F1xx_HAL_Driver/Src/stm32f1xx_hal_cortex.o
 .text.SysTick_Config
                0x00000000080009a4       0x44 Drivers/STM32F1xx_HAL_Driver/Src/stm32f1xx_hal_cortex.o
 .text.HAL_NVIC_SetPriorityGrouping
                0x00000000080009e8       0x16 Drivers/STM32F1xx_HAL_Driver/Src/stm32f1xx_hal_cortex.o
                0x00000000080009e8                HAL_NVIC_SetPriorityGrouping
 .text.HAL_NVIC_SetPriority
                0x00000000080009fe       0x38 Drivers/STM32F1xx_HAL_Driver/Src/stm32f1xx_hal_cortex.o
                0x00000000080009fe                HAL_NVIC_SetPriority
 .text.HAL_SYSTICK_Config
                0x0000000008000a36       0x18 Drivers/STM32F1xx_HAL_Driver/Src/stm32f1xx_hal_cortex.o
                0x0000000008000a36                HAL_SYSTICK_Config
 *fill*         0x0000000008000a4e        0x2 
 .text.HAL_GPIO_Init
                0x0000000008000a50      0x328 Drivers/STM32F1xx_HAL_Driver/Src/stm32f1xx_hal_gpio.o
                0x0000000008000a50                HAL_GPIO_Init
 .text.HAL_RCC_OscConfig
                0x0000000008000d78      0x500 Drivers/STM32F1xx_HAL_Driver/Src/stm32f1xx_hal_rcc.o
                0x0000000008000d78                HAL_RCC_OscConfig
 .text.HAL_RCC_ClockConfig
                0x0000000008001278      0x1d4 Drivers/STM32F1xx_HAL_Driver/Src/stm32f1xx_hal_rcc.o
                0x0000000008001278                HAL_RCC_ClockConfig
 .text.HAL_RCC_GetSysClockFreq
                0x000000000800144c       0xc0 Drivers/STM32F1xx_HAL_Driver/Src/stm32f1xx_hal_rcc.o
                0x000000000800144c                HAL_RCC_GetSysClockFreq
 .text.HAL_RCC_GetHCLKFreq
                0x000000000800150c       0x14 Drivers/STM32F1xx_HAL_Driver/Src/stm32f1xx_hal_rcc.o
                0x000000000800150c                HAL_RCC_GetHCLKFreq
 .text.HAL_RCC_GetPCLK1Freq
                0x0000000008001520       0x28 Drivers/STM32F1xx_HAL_Driver/Src/stm32f1xx_hal_rcc.o
                0x0000000008001520                HAL_RCC_GetPCLK1Freq
 .text.HAL_RCC_GetPCLK2Freq
                0x0000000008001548       0x28 Drivers/STM32F1xx_HAL_Driver/Src/stm32f1xx_hal_rcc.o
                0x0000000008001548                HAL_RCC_GetPCLK2Freq
 .text.RCC_Delay
                0x0000000008001570       0x3c Drivers/STM32F1xx_HAL_Driver/Src/stm32f1xx_hal_rcc.o
 .text.HAL_SPI_Init
                0x00000000080015ac      0x108 Drivers/STM32F1xx_HAL_Driver/Src/stm32f1xx_hal_spi.o
                0x00000000080015ac                HAL_SPI_Init
 .text.HAL_UART_Init
                0x00000000080016b4       0x9a Drivers/STM32F1xx_HAL_Driver/Src/stm32f1xx_hal_uart.o
                0x00000000080016b4                HAL_UART_Init
 *fill*         0x000000000800174e        0x2 
 .text.UART_SetConfig
                0x0000000008001750      0x11c Drivers/STM32F1xx_HAL_Driver/Src/stm32f1xx_hal_uart.o
 .text.__libc_init_array
                0x000000000800186c       0x48 d:/phan_mem/stm32cubeide_1.6.1/stm32cubeide/plugins/com.st.stm32cube.ide.mcu.externaltools.gnu-tools-for-stm32.9-2020-q2-update.win32_1.5.0.202011040924/tools/bin/../lib/gcc/arm-none-eabi/9.3.1/../../../../arm-none-eabi/lib/thumb/v7-m/nofp\libc_nano.a(lib_a-init.o)
                0x000000000800186c                __libc_init_array
 .text.memset   0x00000000080018b4       0x10 d:/phan_mem/stm32cubeide_1.6.1/stm32cubeide/plugins/com.st.stm32cube.ide.mcu.externaltools.gnu-tools-for-stm32.9-2020-q2-update.win32_1.5.0.202011040924/tools/bin/../lib/gcc/arm-none-eabi/9.3.1/../../../../arm-none-eabi/lib/thumb/v7-m/nofp\libc_nano.a(lib_a-memset.o)
                0x00000000080018b4                memset
 *(.glue_7)
 .glue_7        0x00000000080018c4        0x0 linker stubs
 *(.glue_7t)
 .glue_7t       0x00000000080018c4        0x0 linker stubs
 *(.eh_frame)
 .eh_frame      0x00000000080018c4        0x0 d:/phan_mem/stm32cubeide_1.6.1/stm32cubeide/plugins/com.st.stm32cube.ide.mcu.externaltools.gnu-tools-for-stm32.9-2020-q2-update.win32_1.5.0.202011040924/tools/bin/../lib/gcc/arm-none-eabi/9.3.1/thumb/v7-m/nofp/crtbegin.o
 *(.init)
 .init          0x00000000080018c4        0x4 d:/phan_mem/stm32cubeide_1.6.1/stm32cubeide/plugins/com.st.stm32cube.ide.mcu.externaltools.gnu-tools-for-stm32.9-2020-q2-update.win32_1.5.0.202011040924/tools/bin/../lib/gcc/arm-none-eabi/9.3.1/thumb/v7-m/nofp/crti.o
                0x00000000080018c4                _init
 .init          0x00000000080018c8        0x8 d:/phan_mem/stm32cubeide_1.6.1/stm32cubeide/plugins/com.st.stm32cube.ide.mcu.externaltools.gnu-tools-for-stm32.9-2020-q2-update.win32_1.5.0.202011040924/tools/bin/../lib/gcc/arm-none-eabi/9.3.1/thumb/v7-m/nofp/crtn.o
 *(.fini)
 .fini          0x00000000080018d0        0x4 d:/phan_mem/stm32cubeide_1.6.1/stm32cubeide/plugins/com.st.stm32cube.ide.mcu.externaltools.gnu-tools-for-stm32.9-2020-q2-update.win32_1.5.0.202011040924/tools/bin/../lib/gcc/arm-none-eabi/9.3.1/thumb/v7-m/nofp/crti.o
                0x00000000080018d0                _fini
 .fini          0x00000000080018d4        0x8 d:/phan_mem/stm32cubeide_1.6.1/stm32cubeide/plugins/com.st.stm32cube.ide.mcu.externaltools.gnu-tools-for-stm32.9-2020-q2-update.win32_1.5.0.202011040924/tools/bin/../lib/gcc/arm-none-eabi/9.3.1/thumb/v7-m/nofp/crtn.o
                0x00000000080018dc                . = ALIGN (0x4)
                0x00000000080018dc                _etext = .

.vfp11_veneer   0x00000000080018dc        0x0
 .vfp11_veneer  0x00000000080018dc        0x0 linker stubs

.v4_bx          0x00000000080018dc        0x0
 .v4_bx         0x00000000080018dc        0x0 linker stubs

.iplt           0x00000000080018dc        0x0
 .iplt          0x00000000080018dc        0x0 d:/phan_mem/stm32cubeide_1.6.1/stm32cubeide/plugins/com.st.stm32cube.ide.mcu.externaltools.gnu-tools-for-stm32.9-2020-q2-update.win32_1.5.0.202011040924/tools/bin/../lib/gcc/arm-none-eabi/9.3.1/thumb/v7-m/nofp/crtbegin.o

.rodata         0x00000000080018dc       0x28
                0x00000000080018dc                . = ALIGN (0x4)
 *(.rodata)
 .rodata        0x00000000080018dc       0x10 Drivers/STM32F1xx_HAL_Driver/Src/stm32f1xx_hal_rcc.o
 *(.rodata*)
 .rodata.AHBPrescTable
                0x00000000080018ec       0x10 Core/Src/system_stm32f1xx.o
                0x00000000080018ec                AHBPrescTable
 .rodata.APBPrescTable
                0x00000000080018fc        0x8 Core/Src/system_stm32f1xx.o
                0x00000000080018fc                APBPrescTable
                0x0000000008001904                . = ALIGN (0x4)

.rel.dyn        0x0000000008001904        0x0
 .rel.iplt      0x0000000008001904        0x0 d:/phan_mem/stm32cubeide_1.6.1/stm32cubeide/plugins/com.st.stm32cube.ide.mcu.externaltools.gnu-tools-for-stm32.9-2020-q2-update.win32_1.5.0.202011040924/tools/bin/../lib/gcc/arm-none-eabi/9.3.1/thumb/v7-m/nofp/crtbegin.o

.ARM.extab      0x0000000008001904        0x0
                0x0000000008001904                . = ALIGN (0x4)
 *(.ARM.extab* .gnu.linkonce.armextab.*)
                0x0000000008001904                . = ALIGN (0x4)

.ARM            0x0000000008001904        0x0
                0x0000000008001904                . = ALIGN (0x4)
                0x0000000008001904                __exidx_start = .
 *(.ARM.exidx*)
                0x0000000008001904                __exidx_end = .
                0x0000000008001904                . = ALIGN (0x4)

.preinit_array  0x0000000008001904        0x0
                0x0000000008001904                . = ALIGN (0x4)
                0x0000000008001904                PROVIDE (__preinit_array_start = .)
 *(.preinit_array*)
                0x0000000008001904                PROVIDE (__preinit_array_end = .)
                0x0000000008001904                . = ALIGN (0x4)

.init_array     0x0000000008001904        0x4
                0x0000000008001904                . = ALIGN (0x4)
                0x0000000008001904                PROVIDE (__init_array_start = .)
 *(SORT_BY_NAME(.init_array.*))
 *(.init_array*)
 .init_array    0x0000000008001904        0x4 d:/phan_mem/stm32cubeide_1.6.1/stm32cubeide/plugins/com.st.stm32cube.ide.mcu.externaltools.gnu-tools-for-stm32.9-2020-q2-update.win32_1.5.0.202011040924/tools/bin/../lib/gcc/arm-none-eabi/9.3.1/thumb/v7-m/nofp/crtbegin.o
                0x0000000008001908                PROVIDE (__init_array_end = .)
                0x0000000008001908                . = ALIGN (0x4)

.fini_array     0x0000000008001908        0x4
                0x0000000008001908                . = ALIGN (0x4)
                [!provide]                        PROVIDE (__fini_array_start = .)
 *(SORT_BY_NAME(.fini_array.*))
 *(.fini_array*)
 .fini_array    0x0000000008001908        0x4 d:/phan_mem/stm32cubeide_1.6.1/stm32cubeide/plugins/com.st.stm32cube.ide.mcu.externaltools.gnu-tools-for-stm32.9-2020-q2-update.win32_1.5.0.202011040924/tools/bin/../lib/gcc/arm-none-eabi/9.3.1/thumb/v7-m/nofp/crtbegin.o
                [!provide]                        PROVIDE (__fini_array_end = .)
                0x000000000800190c                . = ALIGN (0x4)
                0x000000000800190c                _sidata = LOADADDR (.data)

.data           0x0000000020000000        0xc load address 0x000000000800190c
                0x0000000020000000                . = ALIGN (0x4)
                0x0000000020000000                _sdata = .
 *(.data)
 *(.data*)
 .data.SystemCoreClock
                0x0000000020000000        0x4 Core/Src/system_stm32f1xx.o
                0x0000000020000000                SystemCoreClock
 .data.uwTickPrio
                0x0000000020000004        0x4 Drivers/STM32F1xx_HAL_Driver/Src/stm32f1xx_hal.o
                0x0000000020000004                uwTickPrio
 .data.uwTickFreq
                0x0000000020000008        0x1 Drivers/STM32F1xx_HAL_Driver/Src/stm32f1xx_hal.o
                0x0000000020000008                uwTickFreq
 *(.RamFunc)
 *(.RamFunc*)
                0x000000002000000c                . = ALIGN (0x4)
 *fill*         0x0000000020000009        0x3 
                0x000000002000000c                _edata = .

.igot.plt       0x000000002000000c        0x0 load address 0x0000000008001918
 .igot.plt      0x000000002000000c        0x0 d:/phan_mem/stm32cubeide_1.6.1/stm32cubeide/plugins/com.st.stm32cube.ide.mcu.externaltools.gnu-tools-for-stm32.9-2020-q2-update.win32_1.5.0.202011040924/tools/bin/../lib/gcc/arm-none-eabi/9.3.1/thumb/v7-m/nofp/crtbegin.o
                0x000000002000000c                . = ALIGN (0x4)

.bss            0x000000002000000c      0x16c load address 0x0000000008001918
                0x000000002000000c                _sbss = .
                0x000000002000000c                __bss_start__ = _sbss
 *(.bss)
 .bss           0x000000002000000c       0x1c d:/phan_mem/stm32cubeide_1.6.1/stm32cubeide/plugins/com.st.stm32cube.ide.mcu.externaltools.gnu-tools-for-stm32.9-2020-q2-update.win32_1.5.0.202011040924/tools/bin/../lib/gcc/arm-none-eabi/9.3.1/thumb/v7-m/nofp/crtbegin.o
 *(.bss*)
 *(COMMON)
 COMMON         0x0000000020000028      0x14c Core/Src/main.o
                0x0000000020000028                hspi2
                0x0000000020000080                huart3
                0x00000000200000c4                hspi3
                0x000000002000011c                hspi1
 COMMON         0x0000000020000174        0x4 Drivers/STM32F1xx_HAL_Driver/Src/stm32f1xx_hal.o
                0x0000000020000174                uwTick
                0x0000000020000178                . = ALIGN (0x4)
                0x0000000020000178                _ebss = .
                0x0000000020000178                __bss_end__ = _ebss

._user_heap_stack
                0x0000000020000178      0x600 load address 0x0000000008001918
                0x0000000020000178                . = ALIGN (0x8)
                [!provide]                        PROVIDE (end = .)
                0x0000000020000178                PROVIDE (_end = .)
                0x0000000020000378                . = (. + _Min_Heap_Size)
 *fill*         0x0000000020000178      0x200 
                0x0000000020000778                . = (. + _Min_Stack_Size)
 *fill*         0x0000000020000378      0x400 
                0x0000000020000778                . = ALIGN (0x8)

/DISCARD/
 libc.a(*)
 libm.a(*)
 libgcc.a(*)

.ARM.attributes
                0x0000000000000000       0x29
 *(.ARM.attributes)
 .ARM.attributes
                0x0000000000000000       0x1d d:/phan_mem/stm32cubeide_1.6.1/stm32cubeide/plugins/com.st.stm32cube.ide.mcu.externaltools.gnu-tools-for-stm32.9-2020-q2-update.win32_1.5.0.202011040924/tools/bin/../lib/gcc/arm-none-eabi/9.3.1/thumb/v7-m/nofp/crti.o
 .ARM.attributes
                0x000000000000001d       0x2d d:/phan_mem/stm32cubeide_1.6.1/stm32cubeide/plugins/com.st.stm32cube.ide.mcu.externaltools.gnu-tools-for-stm32.9-2020-q2-update.win32_1.5.0.202011040924/tools/bin/../lib/gcc/arm-none-eabi/9.3.1/thumb/v7-m/nofp/crtbegin.o
 .ARM.attributes
                0x000000000000004a       0x2d Core/Src/main.o
 .ARM.attributes
                0x0000000000000077       0x2d Core/Src/stm32f1xx_hal_msp.o
 .ARM.attributes
                0x00000000000000a4       0x2d Core/Src/stm32f1xx_it.o
 .ARM.attributes
                0x00000000000000d1       0x2d Core/Src/system_stm32f1xx.o
 .ARM.attributes
                0x00000000000000fe       0x21 Core/Startup/startup_stm32f103rctx.o
 .ARM.attributes
                0x000000000000011f       0x2d Drivers/STM32F1xx_HAL_Driver/Src/stm32f1xx_hal.o
 .ARM.attributes
                0x000000000000014c       0x2d Drivers/STM32F1xx_HAL_Driver/Src/stm32f1xx_hal_cortex.o
 .ARM.attributes
                0x0000000000000179       0x2d Drivers/STM32F1xx_HAL_Driver/Src/stm32f1xx_hal_gpio.o
 .ARM.attributes
                0x00000000000001a6       0x2d Drivers/STM32F1xx_HAL_Driver/Src/stm32f1xx_hal_rcc.o
 .ARM.attributes
                0x00000000000001d3       0x2d Drivers/STM32F1xx_HAL_Driver/Src/stm32f1xx_hal_spi.o
 .ARM.attributes
                0x0000000000000200       0x2d Drivers/STM32F1xx_HAL_Driver/Src/stm32f1xx_hal_uart.o
 .ARM.attributes
                0x000000000000022d       0x2d d:/phan_mem/stm32cubeide_1.6.1/stm32cubeide/plugins/com.st.stm32cube.ide.mcu.externaltools.gnu-tools-for-stm32.9-2020-q2-update.win32_1.5.0.202011040924/tools/bin/../lib/gcc/arm-none-eabi/9.3.1/../../../../arm-none-eabi/lib/thumb/v7-m/nofp\libc_nano.a(lib_a-init.o)
 .ARM.attributes
                0x000000000000025a       0x2d d:/phan_mem/stm32cubeide_1.6.1/stm32cubeide/plugins/com.st.stm32cube.ide.mcu.externaltools.gnu-tools-for-stm32.9-2020-q2-update.win32_1.5.0.202011040924/tools/bin/../lib/gcc/arm-none-eabi/9.3.1/../../../../arm-none-eabi/lib/thumb/v7-m/nofp\libc_nano.a(lib_a-memset.o)
 .ARM.attributes
                0x0000000000000287       0x1d d:/phan_mem/stm32cubeide_1.6.1/stm32cubeide/plugins/com.st.stm32cube.ide.mcu.externaltools.gnu-tools-for-stm32.9-2020-q2-update.win32_1.5.0.202011040924/tools/bin/../lib/gcc/arm-none-eabi/9.3.1/thumb/v7-m/nofp/crtn.o
OUTPUT(222.elf elf32-littlearm)
LOAD linker stubs
LOAD d:/phan_mem/stm32cubeide_1.6.1/stm32cubeide/plugins/com.st.stm32cube.ide.mcu.externaltools.gnu-tools-for-stm32.9-2020-q2-update.win32_1.5.0.202011040924/tools/bin/../lib/gcc/arm-none-eabi/9.3.1/../../../../arm-none-eabi/lib/thumb/v7-m/nofp\libc.a
LOAD d:/phan_mem/stm32cubeide_1.6.1/stm32cubeide/plugins/com.st.stm32cube.ide.mcu.externaltools.gnu-tools-for-stm32.9-2020-q2-update.win32_1.5.0.202011040924/tools/bin/../lib/gcc/arm-none-eabi/9.3.1/../../../../arm-none-eabi/lib/thumb/v7-m/nofp\libm.a
LOAD d:/phan_mem/stm32cubeide_1.6.1/stm32cubeide/plugins/com.st.stm32cube.ide.mcu.externaltools.gnu-tools-for-stm32.9-2020-q2-update.win32_1.5.0.202011040924/tools/bin/../lib/gcc/arm-none-eabi/9.3.1/thumb/v7-m/nofp\libgcc.a

.debug_info     0x0000000000000000     0x6db4
 .debug_info    0x0000000000000000      0xbc0 Core/Src/main.o
 .debug_info    0x0000000000000bc0      0xc6a Core/Src/stm32f1xx_hal_msp.o
 .debug_info    0x000000000000182a      0x222 Core/Src/stm32f1xx_it.o
 .debug_info    0x0000000000001a4c      0x2be Core/Src/system_stm32f1xx.o
 .debug_info    0x0000000000001d0a       0x22 Core/Startup/startup_stm32f103rctx.o
 .debug_info    0x0000000000001d2c      0x7d0 Drivers/STM32F1xx_HAL_Driver/Src/stm32f1xx_hal.o
 .debug_info    0x00000000000024fc      0xc42 Drivers/STM32F1xx_HAL_Driver/Src/stm32f1xx_hal_cortex.o
 .debug_info    0x000000000000313e      0x701 Drivers/STM32F1xx_HAL_Driver/Src/stm32f1xx_hal_gpio.o
 .debug_info    0x000000000000383f      0x88e Drivers/STM32F1xx_HAL_Driver/Src/stm32f1xx_hal_rcc.o
 .debug_info    0x00000000000040cd     0x16cd Drivers/STM32F1xx_HAL_Driver/Src/stm32f1xx_hal_spi.o
 .debug_info    0x000000000000579a     0x161a Drivers/STM32F1xx_HAL_Driver/Src/stm32f1xx_hal_uart.o

.debug_abbrev   0x0000000000000000     0x14b9
 .debug_abbrev  0x0000000000000000      0x249 Core/Src/main.o
 .debug_abbrev  0x0000000000000249      0x1ea Core/Src/stm32f1xx_hal_msp.o
 .debug_abbrev  0x0000000000000433       0xd2 Core/Src/stm32f1xx_it.o
 .debug_abbrev  0x0000000000000505      0x14e Core/Src/system_stm32f1xx.o
 .debug_abbrev  0x0000000000000653       0x12 Core/Startup/startup_stm32f103rctx.o
 .debug_abbrev  0x0000000000000665      0x1ed Drivers/STM32F1xx_HAL_Driver/Src/stm32f1xx_hal.o
 .debug_abbrev  0x0000000000000852      0x313 Drivers/STM32F1xx_HAL_Driver/Src/stm32f1xx_hal_cortex.o
 .debug_abbrev  0x0000000000000b65      0x1e8 Drivers/STM32F1xx_HAL_Driver/Src/stm32f1xx_hal_gpio.o
 .debug_abbrev  0x0000000000000d4d      0x273 Drivers/STM32F1xx_HAL_Driver/Src/stm32f1xx_hal_rcc.o
 .debug_abbrev  0x0000000000000fc0      0x26e Drivers/STM32F1xx_HAL_Driver/Src/stm32f1xx_hal_spi.o
 .debug_abbrev  0x000000000000122e      0x28b Drivers/STM32F1xx_HAL_Driver/Src/stm32f1xx_hal_uart.o

.debug_aranges  0x0000000000000000      0x7e0
 .debug_aranges
                0x0000000000000000       0x58 Core/Src/main.o
 .debug_aranges
                0x0000000000000058       0x40 Core/Src/stm32f1xx_hal_msp.o
 .debug_aranges
                0x0000000000000098       0x60 Core/Src/stm32f1xx_it.o
 .debug_aranges
                0x00000000000000f8       0x28 Core/Src/system_stm32f1xx.o
 .debug_aranges
                0x0000000000000120       0x28 Core/Startup/startup_stm32f103rctx.o
 .debug_aranges
                0x0000000000000148       0xe0 Drivers/STM32F1xx_HAL_Driver/Src/stm32f1xx_hal.o
 .debug_aranges
                0x0000000000000228      0x100 Drivers/STM32F1xx_HAL_Driver/Src/stm32f1xx_hal_cortex.o
 .debug_aranges
                0x0000000000000328       0x58 Drivers/STM32F1xx_HAL_Driver/Src/stm32f1xx_hal_gpio.o
 .debug_aranges
                0x0000000000000380       0x90 Drivers/STM32F1xx_HAL_Driver/Src/stm32f1xx_hal_rcc.o
 .debug_aranges
                0x0000000000000410      0x1d0 Drivers/STM32F1xx_HAL_Driver/Src/stm32f1xx_hal_spi.o
 .debug_aranges
                0x00000000000005e0      0x200 Drivers/STM32F1xx_HAL_Driver/Src/stm32f1xx_hal_uart.o

.debug_ranges   0x0000000000000000      0x768
 .debug_ranges  0x0000000000000000       0x48 Core/Src/main.o
 .debug_ranges  0x0000000000000048       0x30 Core/Src/stm32f1xx_hal_msp.o
 .debug_ranges  0x0000000000000078       0x50 Core/Src/stm32f1xx_it.o
 .debug_ranges  0x00000000000000c8       0x18 Core/Src/system_stm32f1xx.o
 .debug_ranges  0x00000000000000e0       0x20 Core/Startup/startup_stm32f103rctx.o
 .debug_ranges  0x0000000000000100       0xd0 Drivers/STM32F1xx_HAL_Driver/Src/stm32f1xx_hal.o
 .debug_ranges  0x00000000000001d0       0xf0 Drivers/STM32F1xx_HAL_Driver/Src/stm32f1xx_hal_cortex.o
 .debug_ranges  0x00000000000002c0       0x48 Drivers/STM32F1xx_HAL_Driver/Src/stm32f1xx_hal_gpio.o
 .debug_ranges  0x0000000000000308       0x80 Drivers/STM32F1xx_HAL_Driver/Src/stm32f1xx_hal_rcc.o
 .debug_ranges  0x0000000000000388      0x1c0 Drivers/STM32F1xx_HAL_Driver/Src/stm32f1xx_hal_spi.o
 .debug_ranges  0x0000000000000548      0x220 Drivers/STM32F1xx_HAL_Driver/Src/stm32f1xx_hal_uart.o

.debug_macro    0x0000000000000000    0x1810e
 .debug_macro   0x0000000000000000      0x1a2 Core/Src/main.o
 .debug_macro   0x00000000000001a2      0xa9c Core/Src/main.o
 .debug_macro   0x0000000000000c3e      0x21b Core/Src/main.o
 .debug_macro   0x0000000000000e59       0x2e Core/Src/main.o
 .debug_macro   0x0000000000000e87       0x22 Core/Src/main.o
 .debug_macro   0x0000000000000ea9       0x22 Core/Src/main.o
 .debug_macro   0x0000000000000ecb       0x8e Core/Src/main.o
 .debug_macro   0x0000000000000f59       0x51 Core/Src/main.o
 .debug_macro   0x0000000000000faa      0x103 Core/Src/main.o
 .debug_macro   0x00000000000010ad       0x6a Core/Src/main.o
 .debug_macro   0x0000000000001117      0x1df Core/Src/main.o
 .debug_macro   0x00000000000012f6       0x1c Core/Src/main.o
 .debug_macro   0x0000000000001312       0x22 Core/Src/main.o
 .debug_macro   0x0000000000001334       0xc3 Core/Src/main.o
 .debug_macro   0x00000000000013f7      0xd23 Core/Src/main.o
 .debug_macro   0x000000000000211a     0xfd8c Core/Src/main.o
 .debug_macro   0x0000000000011ea6       0x6d Core/Src/main.o
 .debug_macro   0x0000000000011f13     0x3468 Core/Src/main.o
 .debug_macro   0x000000000001537b      0x174 Core/Src/main.o
 .debug_macro   0x00000000000154ef       0x5c Core/Src/main.o
 .debug_macro   0x000000000001554b      0x5be Core/Src/main.o
 .debug_macro   0x0000000000015b09      0x4d5 Core/Src/main.o
 .debug_macro   0x0000000000015fde      0x1cb Core/Src/main.o
 .debug_macro   0x00000000000161a9      0x114 Core/Src/main.o
 .debug_macro   0x00000000000162bd      0x1ea Core/Src/main.o
 .debug_macro   0x00000000000164a7       0x27 Core/Src/main.o
 .debug_macro   0x00000000000164ce      0x144 Core/Src/main.o
 .debug_macro   0x0000000000016612      0x1bc Core/Src/main.o
 .debug_macro   0x00000000000167ce       0x30 Core/Src/main.o
 .debug_macro   0x00000000000167fe       0x3c Core/Src/main.o
 .debug_macro   0x000000000001683a       0x57 Core/Src/main.o
 .debug_macro   0x0000000000016891       0x88 Core/Src/main.o
 .debug_macro   0x0000000000016919      0x24f Core/Src/main.o
 .debug_macro   0x0000000000016b68      0x141 Core/Src/main.o
 .debug_macro   0x0000000000016ca9      0x217 Core/Src/main.o
 .debug_macro   0x0000000000016ec0      0x279 Core/Src/main.o
 .debug_macro   0x0000000000017139       0xb5 Core/Src/main.o
 .debug_macro   0x00000000000171ee      0x1a2 Core/Src/stm32f1xx_hal_msp.o
 .debug_macro   0x0000000000017390      0x1ac Core/Src/stm32f1xx_it.o
 .debug_macro   0x000000000001753c      0x198 Core/Src/system_stm32f1xx.o
 .debug_macro   0x00000000000176d4      0x1bc Drivers/STM32F1xx_HAL_Driver/Src/stm32f1xx_hal.o
 .debug_macro   0x0000000000017890      0x198 Drivers/STM32F1xx_HAL_Driver/Src/stm32f1xx_hal_cortex.o
 .debug_macro   0x0000000000017a28      0x203 Drivers/STM32F1xx_HAL_Driver/Src/stm32f1xx_hal_gpio.o
 .debug_macro   0x0000000000017c2b      0x1aa Drivers/STM32F1xx_HAL_Driver/Src/stm32f1xx_hal_rcc.o
 .debug_macro   0x0000000000017dd5      0x1a0 Drivers/STM32F1xx_HAL_Driver/Src/stm32f1xx_hal_spi.o
 .debug_macro   0x0000000000017f75      0x199 Drivers/STM32F1xx_HAL_Driver/Src/stm32f1xx_hal_uart.o

.debug_line     0x0000000000000000     0x7f49
 .debug_line    0x0000000000000000      0x801 Core/Src/main.o
 .debug_line    0x0000000000000801      0x792 Core/Src/stm32f1xx_hal_msp.o
 .debug_line    0x0000000000000f93      0x73d Core/Src/stm32f1xx_it.o
 .debug_line    0x00000000000016d0      0x6f9 Core/Src/system_stm32f1xx.o
 .debug_line    0x0000000000001dc9       0x87 Core/Startup/startup_stm32f103rctx.o
 .debug_line    0x0000000000001e50      0x926 Drivers/STM32F1xx_HAL_Driver/Src/stm32f1xx_hal.o
 .debug_line    0x0000000000002776      0xb0e Drivers/STM32F1xx_HAL_Driver/Src/stm32f1xx_hal_cortex.o
 .debug_line    0x0000000000003284      0x9e5 Drivers/STM32F1xx_HAL_Driver/Src/stm32f1xx_hal_gpio.o
 .debug_line    0x0000000000003c69      0xd34 Drivers/STM32F1xx_HAL_Driver/Src/stm32f1xx_hal_rcc.o
 .debug_line    0x000000000000499d     0x1bab Drivers/STM32F1xx_HAL_Driver/Src/stm32f1xx_hal_spi.o
 .debug_line    0x0000000000006548     0x1a01 Drivers/STM32F1xx_HAL_Driver/Src/stm32f1xx_hal_uart.o

.debug_str      0x0000000000000000    0x8dde4
 .debug_str     0x0000000000000000    0x8c1fa Core/Src/main.o
                                      0x8c657 (size before relaxing)
 .debug_str     0x000000000008c1fa       0xee Core/Src/stm32f1xx_hal_msp.o
                                      0x8c567 (size before relaxing)
 .debug_str     0x000000000008c2e8       0xbd Core/Src/stm32f1xx_it.o
                                      0x8bfa6 (size before relaxing)
 .debug_str     0x000000000008c3a5       0x52 Core/Src/system_stm32f1xx.o
                                      0x8bf76 (size before relaxing)
 .debug_str     0x000000000008c3f7       0x36 Core/Startup/startup_stm32f103rctx.o
                                         0x57 (size before relaxing)
 .debug_str     0x000000000008c42d      0x5f6 Drivers/STM32F1xx_HAL_Driver/Src/stm32f1xx_hal.o
                                      0x8c6eb (size before relaxing)
 .debug_str     0x000000000008ca23      0x300 Drivers/STM32F1xx_HAL_Driver/Src/stm32f1xx_hal_cortex.o
                                      0x8c6f3 (size before relaxing)
 .debug_str     0x000000000008cd23      0x340 Drivers/STM32F1xx_HAL_Driver/Src/stm32f1xx_hal_gpio.o
                                      0x8c33a (size before relaxing)
 .debug_str     0x000000000008d063      0x24f Drivers/STM32F1xx_HAL_Driver/Src/stm32f1xx_hal_rcc.o
                                      0x8c373 (size before relaxing)
 .debug_str     0x000000000008d2b2      0x54e Drivers/STM32F1xx_HAL_Driver/Src/stm32f1xx_hal_spi.o
                                      0x8c888 (size before relaxing)
 .debug_str     0x000000000008d800      0x5e4 Drivers/STM32F1xx_HAL_Driver/Src/stm32f1xx_hal_uart.o
                                      0x8c965 (size before relaxing)

.comment        0x0000000000000000       0x53
 .comment       0x0000000000000000       0x53 Core/Src/main.o
                                         0x54 (size before relaxing)
 .comment       0x0000000000000053       0x54 Core/Src/stm32f1xx_hal_msp.o
 .comment       0x0000000000000053       0x54 Core/Src/stm32f1xx_it.o
 .comment       0x0000000000000053       0x54 Core/Src/system_stm32f1xx.o
 .comment       0x0000000000000053       0x54 Drivers/STM32F1xx_HAL_Driver/Src/stm32f1xx_hal.o
 .comment       0x0000000000000053       0x54 Drivers/STM32F1xx_HAL_Driver/Src/stm32f1xx_hal_cortex.o
 .comment       0x0000000000000053       0x54 Drivers/STM32F1xx_HAL_Driver/Src/stm32f1xx_hal_gpio.o
 .comment       0x0000000000000053       0x54 Drivers/STM32F1xx_HAL_Driver/Src/stm32f1xx_hal_rcc.o
 .comment       0x0000000000000053       0x54 Drivers/STM32F1xx_HAL_Driver/Src/stm32f1xx_hal_spi.o
 .comment       0x0000000000000053       0x54 Drivers/STM32F1xx_HAL_Driver/Src/stm32f1xx_hal_uart.o

.debug_frame    0x0000000000000000     0x1f6c
 .debug_frame   0x0000000000000000      0x100 Core/Src/main.o
 .debug_frame   0x0000000000000100       0xc8 Core/Src/stm32f1xx_hal_msp.o
 .debug_frame   0x00000000000001c8      0x104 Core/Src/stm32f1xx_it.o
 .debug_frame   0x00000000000002cc       0x58 Core/Src/system_stm32f1xx.o
 .debug_frame   0x0000000000000324      0x334 Drivers/STM32F1xx_HAL_Driver/Src/stm32f1xx_hal.o
 .debug_frame   0x0000000000000658      0x428 Drivers/STM32F1xx_HAL_Driver/Src/stm32f1xx_hal_cortex.o
 .debug_frame   0x0000000000000a80      0x14c Drivers/STM32F1xx_HAL_Driver/Src/stm32f1xx_hal_gpio.o
 .debug_frame   0x0000000000000bcc      0x21c Drivers/STM32F1xx_HAL_Driver/Src/stm32f1xx_hal_rcc.o
 .debug_frame   0x0000000000000de8      0x824 Drivers/STM32F1xx_HAL_Driver/Src/stm32f1xx_hal_spi.o
 .debug_frame   0x000000000000160c      0x914 Drivers/STM32F1xx_HAL_Driver/Src/stm32f1xx_hal_uart.o
 .debug_frame   0x0000000000001f20       0x2c d:/phan_mem/stm32cubeide_1.6.1/stm32cubeide/plugins/com.st.stm32cube.ide.mcu.externaltools.gnu-tools-for-stm32.9-2020-q2-update.win32_1.5.0.202011040924/tools/bin/../lib/gcc/arm-none-eabi/9.3.1/../../../../arm-none-eabi/lib/thumb/v7-m/nofp\libc_nano.a(lib_a-init.o)
 .debug_frame   0x0000000000001f4c       0x20 d:/phan_mem/stm32cubeide_1.6.1/stm32cubeide/plugins/com.st.stm32cube.ide.mcu.externaltools.gnu-tools-for-stm32.9-2020-q2-update.win32_1.5.0.202011040924/tools/bin/../lib/gcc/arm-none-eabi/9.3.1/../../../../arm-none-eabi/lib/thumb/v7-m/nofp\libc_nano.a(lib_a-memset.o)
