17:01:06 **** Incremental Build of configuration Debug for project gpio ****
make -j8 all 
arm-none-eabi-gcc "../Core/Src/main.c" -mcpu=cortex-m3 -std=gnu11 -g3 -DDEBUG -DUSE_HAL_DRIVER -DSTM32F103xE -c -I../Core/Inc -I../Drivers/STM32F1xx_HAL_Driver/Inc -I../Drivers/STM32F1xx_HAL_Driver/Inc/Legacy -I../Drivers/CMSIS/Device/ST/STM32F1xx/Include -I../Drivers/CMSIS/Include -O0 -ffunction-sections -fdata-sections -Wall -fstack-usage -MMD -MP -MF"Core/Src/main.d" -MT"Core/Src/main.o" --specs=nano.specs -mfloat-abi=soft -mthumb -o "Core/Src/main.o"
arm-none-eabi-gcc -o "gpio.elf" @"objects.list"   -mcpu=cortex-m3 -T"D:\stm32f103rc\stm32rc\gpio\STM32F103RCTX_FLASH.ld" --specs=nosys.specs -Wl,-Map="gpio.map" -Wl,--gc-sections -static --specs=nano.specs -mfloat-abi=soft -mthumb -Wl,--start-group -lc -lm -Wl,--end-group
Finished building target: gpio.elf
 
arm-none-eabi-objdump -h -S  gpio.elf  > "gpio.list"
arm-none-eabi-objcopy  -O binary  gpio.elf  "gpio.bin"
arm-none-eabi-size   gpio.elf 
   text	   data	    bss	    dec	    hex	filename
   4784	     20	   1572	   6376	   18e8	gpio.elf
Finished building: default.size.stdout
 
Finished building: gpio.bin
Finished building: gpio.list
 
 
17:01:11 **** Incremental Build of configuration Debug for project gpio ****
make -j8 all 
arm-none-eabi-size   gpio.elf 
   text	   data	    bss	    dec	    hex	filename
   4784	     20	   1572	   6376	   18e8	gpio.elf
Finished building: default.size.stdout
 
